src/application/store/v2/cv-store-v2.atlas.ts(12,14): error TS2300: Duplicate identifier 'Timeout'.
src/application/store/v2/cv-store-v2.atlas.ts(12,14): error TS2456: Type alias 'Timeout' circularly references itself.
src/application/store/v2/cv-store-v2.atlas.ts(31,13): error TS6133: 'retryCount' is declared but its value is never read.
src/application/store/v2/cv-store-v2.atlas.ts(32,22): error TS6133: 'MAX_RETRIES' is declared but its value is never read.
src/application/store/v2/cv-store-v2.ts(19,1): error TS6192: All imports in import declaration are unused.
src/application/store/v2/selectors.ts(9,15): error TS6196: 'CVProfile' is declared but never used.
src/application/store/v2/selectors.ts(9,49): error TS6196: 'Language' is declared but never used.
src/domain/cv/v2/path-utils.test.ts(165,13): error TS2353: Object literal may only specify known properties, and 'role' does not exist in type 'Partial<{ id: string; }>'.
src/infrastructure/pdf/infinity/infinity-service.tsx(2,1): error TS6133: 'React' is declared but its value is never read.
src/infrastructure/pdf/page-renderer.ts(2,23): error TS2307: Cannot find module 'html-to-image' or its corresponding type declarations.
src/presentation/components/lego/DraggableBlock.tsx(32,5): error TS6133: 'onReorder' is declared but its value is never read.
src/presentation/components/lego/ModeToggleButton.tsx(33,11): error TS2741: Property 'modele' is missing in type '{ edition: { icon: React.ForwardRefExoticComponent<Omit<LucideProps, "ref"> & React.RefAttributes<SVGSVGElement>>; label: string; gradient: "from-green-500 to-emerald-500"; ring: string; }; structure: { ...; }; ai: { ...; }; }' but required in type 'Record<CVMode, { icon: ElementType<any, keyof IntrinsicElements>; label: string; gradient: string; ring: string; }>'.
src/presentation/components/lego/SortableSection.tsx(40,9): error TS6133: 'isSorting' is declared but its value is never read.
src/presentation/components/lego/SortableSection.tsx(41,9): error TS6133: 'overIndex' is declared but its value is never read.
src/presentation/components/lego/SortableSection.tsx(42,9): error TS6133: 'index' is declared but its value is never read.
src/presentation/components/sidebar/SmartSidebar.tsx(14,27): error TS6133: 'useEffect' is declared but its value is never read.
src/presentation/cv-templates/components/TemplateConfigurator.tsx(15,17): error TS6133: 'useState' is declared but its value is never read.
src/presentation/cv-templates/core/BaseTemplateLayout.tsx(15,17): error TS6133: 'useRef' is declared but its value is never read.
src/presentation/cv-templates/core/BaseTemplateLayout.tsx(15,25): error TS6133: 'useEffect' is declared but its value is never read.
src/presentation/cv-templates/core/BaseTemplateLayout.tsx(15,36): error TS6133: 'useState' is declared but its value is never read.
src/presentation/cv-templates/core/BaseTemplateLayout.tsx(208,5): error TS6133: 'language' is declared but its value is never read.
src/presentation/cv-templates/templates/AcademicCVTemplate.tsx(23,5): error TS6133: 'ATSSectionHeader' is declared but its value is never read.
src/presentation/cv-templates/templates/ConsultantTemplate.tsx(26,1): error TS6133: 'CVProfile' is declared but its value is never read.
src/presentation/cv-templates/templates/CreativePortfolioTemplate.tsx(21,5): error TS6133: 'ATSSectionHeader' is declared but its value is never read.
src/presentation/cv-templates/templates/DevStackTemplate.tsx(21,5): error TS6133: 'ATSSectionHeader' is declared but its value is never read.
src/presentation/cv-templates/templates/DevStackTemplate.tsx(66,5): error TS6133: 'accentColor' is declared but its value is never read.
src/presentation/cv-templates/templates/DevStackTemplate.tsx(126,5): error TS6133: 'accentColor' is declared but its value is never read.
src/presentation/cv-templates/templates/LegalTemplate.tsx(22,5): error TS6133: 'ATSSectionHeader' is declared but its value is never read.
src/presentation/cv-templates/templates/StartupFounderTemplate.tsx(130,5): error TS6133: 'accentColor' is declared but its value is never read.
src/presentation/cv-templates/templates/SwissExecutiveTemplate.tsx(22,5): error TS6133: 'ATSSectionHeader' is declared but its value is never read.
src/presentation/features/admin/AdminDashboard.tsx(14,84): error TS6133: 'Eye' is declared but its value is never read.
src/presentation/features/admin/AdminDashboard.tsx(363,37): error TS2322: Type 'boolean | null | undefined' is not assignable to type 'boolean | undefined'.
  Type 'null' is not assignable to type 'boolean | undefined'.
src/presentation/features/admin/AdminDashboard.tsx(392,17): error TS2322: Type 'KairosReport | null | undefined' is not assignable to type 'KairosReport | null'.
  Type 'undefined' is not assignable to type 'KairosReport | null'.
src/presentation/features/admin/HealthPanel.tsx(7,17): error TS6133: 'useState' is declared but its value is never read.
src/presentation/features/admin/HealthPanel.tsx(7,27): error TS6133: 'useEffect' is declared but its value is never read.
src/presentation/features/admin/TerminalFeed.tsx(9,20): error TS6133: 'Filter' is declared but its value is never read.
src/presentation/features/auth/LoginPage.tsx(68,44): error TS2551: Property 'generatePdfBlob' does not exist on type '{ generateBlob(profile: { id: string; summary: string; metadata: { fontFamily: "sans" | "serif"; accentColor: string; templateId: string; density: "comfortable" | "compact" | "dense"; }; skills: string[]; ... 8 more ...; letters?: { ...; }[] | undefined; }, language?: string): Promise<...>; }'. Did you mean 'generateBlob'?
src/presentation/features/preview/PreviewPane.tsx(122,11): error TS6133: 'handleInlineDoubleClick' is declared but its value is never read.
src/presentation/layouts/templates/v2/ClassicLayout.tsx(56,11): error TS6133: 'updateField' is declared but its value is never read.
src/presentation/layouts/templates/v2/CreativeLayout.tsx(58,11): error TS6133: 'updateField' is declared but its value is never read.
src/presentation/layouts/templates/v2/ExecutiveLayout.tsx(14,26): error TS6133: 'Briefcase' is declared but its value is never read.
src/presentation/layouts/templates/v2/ExecutiveLayout.tsx(14,52): error TS6133: 'Globe' is declared but its value is never read.
src/presentation/layouts/templates/v2/ExecutiveLayout.tsx(14,59): error TS6133: 'Award' is declared but its value is never read.
src/presentation/layouts/templates/v2/ExecutiveLayout.tsx(14,66): error TS6133: 'User' is declared but its value is never read.
src/presentation/layouts/templates/v2/ExecutiveLayout.tsx(58,11): error TS6133: 'txt' is declared but its value is never read.
src/presentation/layouts/templates/v2/ExecutiveLayout.tsx(59,11): error TS6133: 'updateField' is declared but its value is never read.
